[www.devsnews.com/template/tionco/tionco/index.html]
[backblue.gif]
[fade.gif]
[index.html]
[www.devsnews.com/template/tionco/tionco/assets/img/favicon.ico]
[www.devsnews.com/template/tionco/tionco/assets/css/bootstrap.min.css]
[www.devsnews.com/template/tionco/tionco/assets/css/fontawesome-all.min.css]
[www.devsnews.com/template/tionco/tionco/assets/css/animate.min.css]
[www.devsnews.com/template/tionco/tionco/assets/css/flaticon.css]
[www.devsnews.com/template/tionco/tionco/assets/css/odometer-theme-default.css]
[www.devsnews.com/template/tionco/tionco/assets/css/magnific-popup.css]
[www.devsnews.com/template/tionco/tionco/assets/css/meanmenu.css]
[www.devsnews.com/template/tionco/tionco/assets/css/swipper.css]
[www.devsnews.com/template/tionco/tionco/assets/css/icofont.min.css]
[www.devsnews.com/template/tionco/tionco/assets/css/main.css]
[www.devsnews.com/template/tionco/tionco/contact.html]
[www.devsnews.com/template/tionco/tionco/index-2.html]
[www.devsnews.com/template/tionco/tionco/index-3.html]
[www.devsnews.com/template/tionco/tionco/about.html]
[www.devsnews.com/template/tionco/tionco/service-details.html]
[www.devsnews.com/template/tionco/tionco/portfolio.html]
[www.devsnews.com/template/tionco/tionco/portfolio-details.html]
[www.devsnews.com/template/tionco/tionco/team.html]
[www.devsnews.com/template/tionco/tionco/team-details.html]
[www.devsnews.com/template/tionco/tionco/faq.html]
[www.devsnews.com/template/tionco/tionco/blog.html]
[www.devsnews.com/template/tionco/tionco/blog-details.html]
[www.devsnews.com/template/tionco/tionco/service.html]
[www.devsnews.com/template/tionco/tionco/assets/img/logo/logo.png]
[www.devsnews.com/template/tionco/tionco/assets/img/logo/logo-core.png]
[www.devsnews.com/template/tionco/tionco/assets/img/about/counter_home.png]
[www.devsnews.com/template/tionco/tionco/assets/img/about/counter_bull.png]
[www.devsnews.com/template/tionco/tionco/assets/img/about/counter_current.png]
[www.devsnews.com/template/tionco/tionco/assets/img/about/about_ideal.jpg]
[www.devsnews.com/template/tionco/tionco/assets/img/logo/logo-color.png]
[www.devsnews.com/template/tionco/tionco/assets/img/blog/p_blog1.jpg]
[www.devsnews.com/template/tionco/tionco/assets/img/blog/p_blog2.jpg]
[www.devsnews.com/template/tionco/tionco/assets/img/blog/p_blog3.jpg]
[www.devsnews.com/template/tionco/tionco/assets/img/about/attention_nature.jpg]
[www.devsnews.com/template/tionco/tionco/assets/img/about/attention_man.png]
[www.devsnews.com/template/tionco/tionco/assets/img/bg/map.png]
[www.devsnews.com/template/tionco/tionco/assets/img/bg/brand1.png]
[www.devsnews.com/template/tionco/tionco/assets/img/bg/brand2.png]
[www.devsnews.com/template/tionco/tionco/assets/img/bg/brand3.png]
[www.devsnews.com/template/tionco/tionco/assets/img/bg/brand4.png]
[www.devsnews.com/template/tionco/tionco/assets/img/bg/brand5.png]
[www.devsnews.com/template/tionco/tionco/assets/img/bg/brand6.png]
[www.devsnews.com/template/tionco/tionco/assets/img/bg/brand7.png]
[www.devsnews.com/template/tionco/tionco/assets/img/bg/brand8.png]
[www.devsnews.com/template/tionco/tionco/assets/img/bg/brand9.png]
[www.devsnews.com/template/tionco/tionco/assets/img/bg/brand10.png]
[www.devsnews.com/template/tionco/tionco/assets/img/blog/news1.jpg]
[www.devsnews.com/template/tionco/tionco/assets/img/blog/author1.jpg]
[www.devsnews.com/template/tionco/tionco/assets/img/blog/news2.jpg]
[www.devsnews.com/template/tionco/tionco/assets/img/blog/author2.jpg]
[www.devsnews.com/template/tionco/tionco/assets/img/blog/news3.jpg]
[www.devsnews.com/template/tionco/tionco/assets/img/blog/author3.jpg]
[www.devsnews.com/template/tionco/tionco/assets/img/logo/footer-logo.png]
[www.devsnews.com/template/tionco/tionco/assets/img/blog/blog_thumb1.jpg]
[www.devsnews.com/template/tionco/tionco/assets/img/blog/blog_thumb2.jpg]
[www.devsnews.com/template/tionco/tionco/assets/img/blog/ins1.jpg]
[www.devsnews.com/template/tionco/tionco/assets/img/blog/ins2.jpg]
[www.devsnews.com/template/tionco/tionco/assets/img/blog/ins3.jpg]
[www.devsnews.com/template/tionco/tionco/assets/img/blog/ins4.jpg]
[www.devsnews.com/template/tionco/tionco/assets/img/blog/ins5.jpg]
[www.devsnews.com/template/tionco/tionco/assets/img/blog/ins6.jpg]
[www.devsnews.com/cdn-cgi/scripts/5c5dd728/cloudflare-static/email-decode.min.js]
[www.devsnews.com/template/tionco/tionco/assets/js/jquery.min.js]
[www.devsnews.com/template/tionco/tionco/assets/js/bootstrap.bundle.min.js]
[www.devsnews.com/template/tionco/tionco/assets/js/swipper-bundle.min.js]
[www.devsnews.com/template/tionco/tionco/assets/js/jquery.meanmenu.min.js]
[www.devsnews.com/template/tionco/tionco/assets/js/wow.min.js]
[www.devsnews.com/template/tionco/tionco/assets/js/jquery.scrollUp.min.js]
[www.devsnews.com/template/tionco/tionco/assets/js/jquery.magnific-popup.min.js]
[www.devsnews.com/template/tionco/tionco/assets/js/isotope.pkgd.min.js]
[www.devsnews.com/template/tionco/tionco/assets/js/imagesloaded.pkgd.min.js]
[www.devsnews.com/template/tionco/tionco/assets/js/mouse-wheel.min.js]
[www.devsnews.com/template/tionco/tionco/assets/js/odometer.min.js]
[www.devsnews.com/template/tionco/tionco/assets/js/appair.min.js]
[www.devsnews.com/template/tionco/tionco/assets/js/back-to-top.min.js]
[www.devsnews.com/template/tionco/tionco/assets/js/main.js]
[www.devsnews.com/template/tionco/tionco/index.html]
[www.devsnews.com/template/tionco/tionco/assets/css/bootstrap.min.css]
[www.devsnews.com/template/tionco/tionco/assets/fonts/fa-brands-400.eot]
[www.devsnews.com/template/tionco/tionco/assets/fonts/fa-brands-400d41d.eot]
[www.devsnews.com/template/tionco/tionco/assets/fonts/fa-brands-400.woff2]
[www.devsnews.com/template/tionco/tionco/assets/fonts/fa-brands-400.woff]
[www.devsnews.com/template/tionco/tionco/assets/fonts/fa-brands-400.ttf]
[www.devsnews.com/template/tionco/tionco/assets/fonts/fa-brands-400.svg]
[www.devsnews.com/template/tionco/tionco/assets/fonts/fa-duotone-900.eot]
[www.devsnews.com/template/tionco/tionco/assets/fonts/fa-duotone-900d41d.eot]
[www.devsnews.com/template/tionco/tionco/assets/fonts/fa-duotone-900.woff2]
[www.devsnews.com/template/tionco/tionco/assets/fonts/fa-duotone-900.woff]
[www.devsnews.com/template/tionco/tionco/assets/fonts/fa-duotone-900.ttf]
[www.devsnews.com/template/tionco/tionco/assets/fonts/fa-duotone-900.svg]
[www.devsnews.com/template/tionco/tionco/assets/fonts/fa-light-300.eot]
[www.devsnews.com/template/tionco/tionco/assets/fonts/fa-light-300d41d.eot]
[www.devsnews.com/template/tionco/tionco/assets/fonts/fa-light-300.woff2]
[www.devsnews.com/template/tionco/tionco/assets/fonts/fa-light-300.woff]
[www.devsnews.com/template/tionco/tionco/assets/fonts/fa-light-300.ttf]
[www.devsnews.com/template/tionco/tionco/assets/fonts/fa-light-300.svg]
[www.devsnews.com/template/tionco/tionco/assets/fonts/fa-regular-400.eot]
[www.devsnews.com/template/tionco/tionco/assets/fonts/fa-regular-400d41d.eot]
[www.devsnews.com/template/tionco/tionco/assets/fonts/fa-regular-400.woff2]
[www.devsnews.com/template/tionco/tionco/assets/fonts/fa-regular-400.woff]
[www.devsnews.com/template/tionco/tionco/assets/fonts/fa-regular-400.ttf]
[www.devsnews.com/template/tionco/tionco/assets/fonts/fa-regular-400.svg]
[www.devsnews.com/template/tionco/tionco/assets/fonts/fa-solid-900.eot]
[www.devsnews.com/template/tionco/tionco/assets/fonts/fa-solid-900d41d.eot]
[www.devsnews.com/template/tionco/tionco/assets/fonts/fa-solid-900.woff2]
[www.devsnews.com/template/tionco/tionco/assets/fonts/fa-solid-900.woff]
[www.devsnews.com/template/tionco/tionco/assets/css/fontawesome-all.min.css]
[www.devsnews.com/template/tionco/tionco/assets/css/animate.min.css]
[www.devsnews.com/template/tionco/tionco/assets/fonts/fa-solid-900.ttf]
[www.devsnews.com/template/tionco/tionco/assets/fonts/fa-solid-900.svg]
[www.devsnews.com/template/tionco/tionco/assets/fonts/flaticon0678.ttf]
[www.devsnews.com/template/tionco/tionco/assets/fonts/flaticon0678.woff2]
[www.devsnews.com/template/tionco/tionco/assets/css/flaticon.css]
[www.devsnews.com/template/tionco/tionco/assets/css/odometer-theme-default.css]
[www.devsnews.com/template/tionco/tionco/assets/css/magnific-popup.css]
[www.devsnews.com/template/tionco/tionco/assets/css/meanmenu.css]
[www.devsnews.com/template/tionco/tionco/assets/css/swipper.css]
[www.devsnews.com/template/tionco/tionco/assets/fonts/flaticon0678.eot]
[www.devsnews.com/template/tionco/tionco/assets/fonts/icofont.woff2]
[www.devsnews.com/template/tionco/tionco/assets/css/icofont.min.css]
[www.devsnews.com/template/tionco/tionco/assets/img/bg/slide_line3.png]
[www.devsnews.com/template/tionco/tionco/assets/img/bg/line_shape.png]
[www.devsnews.com/template/tionco/tionco/assets/fonts/icofont.woff]
[www.devsnews.com/template/tionco/tionco/assets/img/bg/ideal_logo_bg.png]
[www.devsnews.com/template/tionco/tionco/assets/img/bg/pattern_box.png]
[www.devsnews.com/template/tionco/tionco/assets/img/bg/promo_pattern.png]
[www.devsnews.com/template/tionco/tionco/assets/img/bg/line_shape2.png]
[www.devsnews.com/template/tionco/tionco/assets/img/bg/line_shape3.png]
[www.devsnews.com/template/tionco/tionco/assets/css/main.css]
[www.devsnews.com/template/tionco/tionco/assets/img/logo/logo-white.png]
[www.devsnews.com/template/tionco/tionco/assets/img/bg/breadcrumb_bg.jpg]
[www.devsnews.com/template/tionco/tionco/assets/img/blog/ins3_1.png]
[www.devsnews.com/template/tionco/tionco/assets/img/blog/ins3_2.png]
[www.devsnews.com/template/tionco/tionco/assets/img/blog/ins3_3.png]
[www.devsnews.com/template/tionco/tionco/assets/img/blog/ins3_4.png]
[www.devsnews.com/template/tionco/tionco/assets/img/blog/ins3_5.png]
[www.devsnews.com/template/tionco/tionco/assets/img/blog/ins3_6.png]
[www.devsnews.com/template/tionco/tionco/contact.html]
[www.devsnews.com/template/tionco/tionco/assets/img/blog/news2_1.jpg]
[www.devsnews.com/template/tionco/tionco/assets/img/blog/news2_2.jpg]
[www.devsnews.com/template/tionco/tionco/assets/img/blog/news2_3.jpg]
[www.devsnews.com/template/tionco/tionco/assets/img/hero/slider_bg2_1.jpg]
[www.devsnews.com/template/tionco/tionco/assets/img/hero/pattern2_1.png]
[www.devsnews.com/template/tionco/tionco/assets/img/hero/slider_bg2_2.jpg]
[www.devsnews.com/template/tionco/tionco/assets/img/about/about2_2.png]
[www.devsnews.com/template/tionco/tionco/assets/img/about/about2_1.png]
[www.devsnews.com/template/tionco/tionco/assets/img/services/promo1.png]
[www.devsnews.com/template/tionco/tionco/assets/img/services/promo2.png]
[www.devsnews.com/template/tionco/tionco/assets/img/services/promo3.png]
[www.devsnews.com/template/tionco/tionco/assets/img/portfolio/portfolio1.jpg]
[www.devsnews.com/template/tionco/tionco/assets/img/portfolio/portfolio2.jpg]
[www.devsnews.com/template/tionco/tionco/assets/img/portfolio/portfolio3.jpg]
[www.devsnews.com/template/tionco/tionco/assets/img/portfolio/portfolio4.jpg]
[www.devsnews.com/template/tionco/tionco/assets/img/portfolio/portfolio5.jpg]
[www.devsnews.com/template/tionco/tionco/assets/img/portfolio/portfolio6.jpg]
[www.devsnews.com/template/tionco/tionco/assets/img/hero/testimonial1.png]
[www.devsnews.com/template/tionco/tionco/assets/img/hero/testimonial2.png]
[www.devsnews.com/template/tionco/tionco/assets/img/hero/testimonial3.png]
[www.devsnews.com/template/tionco/tionco/assets/img/hero/test_author1.jpg]
[www.devsnews.com/template/tionco/tionco/assets/img/hero/test_author2.jpg]
[www.devsnews.com/template/tionco/tionco/assets/img/hero/test_author3.jpg]
[www.devsnews.com/template/tionco/tionco/assets/img/services/sicon1.png]
[www.devsnews.com/template/tionco/tionco/assets/img/services/sicon2.png]
[www.devsnews.com/template/tionco/tionco/assets/img/services/sicon3.png]
[www.devsnews.com/template/tionco/tionco/assets/img/services/sicon4.png]
[www.devsnews.com/template/tionco/tionco/assets/img/services/sicon5.png]
[www.devsnews.com/template/tionco/tionco/assets/img/services/sicon6.png]
[www.devsnews.com/template/tionco/tionco/assets/img/blog/author2_1.png]
[www.devsnews.com/template/tionco/tionco/assets/img/blog/author2_2.png]
[www.devsnews.com/template/tionco/tionco/assets/img/blog/author2_3.png]
[www.devsnews.com/template/tionco/tionco/assets/img/blog/blog_thumb1_1.jpg]
[www.devsnews.com/template/tionco/tionco/assets/img/blog/blog_thumb1_2.jpg]
[www.devsnews.com/template/tionco/tionco/assets/img/blog/blog_thumb1_3.jpg]
[www.devsnews.com/template/tionco/tionco/index-2.html]
[www.devsnews.com/template/tionco/tionco/assets/img/hero/slider3_1.jpg]
[www.devsnews.com/template/tionco/tionco/assets/img/hero/slider3_2.jpg]
[www.devsnews.com/template/tionco/tionco/assets/img/hero/slider3_3.jpg]
[www.devsnews.com/template/tionco/tionco/assets/img/hero/slider3_4.jpg]
[www.devsnews.com/template/tionco/tionco/assets/img/hero/slider3_5.jpg]
[www.devsnews.com/template/tionco/tionco/assets/img/about/about3_1.png]
[www.devsnews.com/template/tionco/tionco/assets/img/services/feature3_1.jpg]
[www.devsnews.com/template/tionco/tionco/assets/img/blog/p_blog3_1.png]
[www.devsnews.com/template/tionco/tionco/assets/img/blog/p_blog3_2.png]
[www.devsnews.com/template/tionco/tionco/assets/img/blog/p_blog3_3.png]
[www.devsnews.com/template/tionco/tionco/assets/img/bg/feedback_bg.jpg]
[www.devsnews.com/template/tionco/tionco/assets/img/blog/f_author.png]
[www.devsnews.com/template/tionco/tionco/assets/img/team/team3_1.jpg]
[www.devsnews.com/template/tionco/tionco/assets/img/team/team3_2.jpg]
[www.devsnews.com/template/tionco/tionco/assets/img/team/team3_3.jpg]
[www.devsnews.com/template/tionco/tionco/assets/img/team/team3_4.jpg]
[www.devsnews.com/template/tionco/tionco/assets/img/bg/counter_bg.jpg]
[www.devsnews.com/template/tionco/tionco/assets/img/blog/blog3_2.png]
[www.devsnews.com/template/tionco/tionco/assets/img/blog/author3_2.png]
[www.devsnews.com/template/tionco/tionco/assets/img/blog/blog3_1.png]
[www.devsnews.com/template/tionco/tionco/assets/img/blog/author3_1.png]
[www.devsnews.com/template/tionco/tionco/assets/img/blog/blog3_3.png]
[www.devsnews.com/template/tionco/tionco/assets/img/blog/author3_3.png]
[www.devsnews.com/template/tionco/tionco/index-3.html]
[www.devsnews.com/template/tionco/tionco/assets/img/about/about_s1.jpg]
[www.devsnews.com/template/tionco/tionco/assets/img/about/about_ss1.jpg]
[www.devsnews.com/template/tionco/tionco/assets/img/about/about_author.png]
[www.devsnews.com/template/tionco/tionco/assets/img/bg/sign.png]
[www.devsnews.com/template/tionco/tionco/assets/img/about/work1.jpg]
[www.devsnews.com/template/tionco/tionco/assets/img/about/work2.jpg]
[www.devsnews.com/template/tionco/tionco/assets/img/about/work3.jpg]
[www.devsnews.com/template/tionco/tionco/assets/img/about/work4.jpg]
[www.devsnews.com/template/tionco/tionco/about.html]
[www.devsnews.com/template/tionco/tionco/assets/img/services/service_s1.jpg]
[www.devsnews.com/template/tionco/tionco/assets/img/services/promo_s1.png]
[www.devsnews.com/template/tionco/tionco/assets/img/services/promo_s2.png]
[www.devsnews.com/template/tionco/tionco/assets/img/services/service_ssm1.jpg]
[www.devsnews.com/template/tionco/tionco/assets/img/services/service_ssm2.jpg]
[www.devsnews.com/template/tionco/tionco/service-details.html]
[www.devsnews.com/template/tionco/tionco/assets/img/portfolio/portfolio_s1.jpg]
[www.devsnews.com/template/tionco/tionco/assets/img/portfolio/portfolio_s2.jpg]
[www.devsnews.com/template/tionco/tionco/assets/img/portfolio/portfolio_s3.jpg]
[www.devsnews.com/template/tionco/tionco/assets/img/portfolio/portfolio_s4.jpg]
[www.devsnews.com/template/tionco/tionco/assets/img/portfolio/portfolio_s5.jpg]
[www.devsnews.com/template/tionco/tionco/assets/img/portfolio/portfolio_s6.jpg]
[www.devsnews.com/template/tionco/tionco/assets/img/portfolio/portfolio_s7.jpg]
[www.devsnews.com/template/tionco/tionco/assets/img/portfolio/portfolio_s8.jpg]
[www.devsnews.com/template/tionco/tionco/assets/img/portfolio/portfolio_s9.jpg]
[www.devsnews.com/template/tionco/tionco/assets/img/portfolio/portfolio_s10.jpg]
[www.devsnews.com/template/tionco/tionco/assets/img/portfolio/portfolio_s11.jpg]
[www.devsnews.com/template/tionco/tionco/assets/img/portfolio/portfolio_s12.jpg]
[www.devsnews.com/template/tionco/tionco/portfolio.html]
[www.devsnews.com/template/tionco/tionco/assets/img/portfolio/single_portfolio.jpg]
[www.devsnews.com/template/tionco/tionco/assets/img/portfolio/single_picon1.png]
[www.devsnews.com/template/tionco/tionco/assets/img/portfolio/single_picon2.png]
[www.devsnews.com/template/tionco/tionco/assets/img/portfolio/single_picon3.png]
[www.devsnews.com/template/tionco/tionco/assets/img/portfolio/single_sm1portfolio.jpg]
[www.devsnews.com/template/tionco/tionco/assets/img/portfolio/single_sm2portfolio.jpg]
[www.devsnews.com/template/tionco/tionco/assets/img/portfolio/nevprev.png]
[www.devsnews.com/template/tionco/tionco/assets/img/portfolio/nevnext.png]
[www.devsnews.com/template/tionco/tionco/portfolio-details.html]
[www.devsnews.com/template/tionco/tionco/assets/img/team/team3_5.jpg]
[www.devsnews.com/template/tionco/tionco/assets/img/team/team3_6.jpg]
[www.devsnews.com/template/tionco/tionco/assets/img/team/team3_7.jpg]
[www.devsnews.com/template/tionco/tionco/assets/img/team/team3_8.jpg]
[www.devsnews.com/template/tionco/tionco/team.html]
[www.devsnews.com/template/tionco/tionco/assets/img/about/single_team.jpg]
[www.devsnews.com/template/tionco/tionco/assets/img/about/singe_video.jpg]
[www.devsnews.com/template/tionco/tionco/team-details.html]
[www.devsnews.com/template/tionco/tionco/faq.html]
[www.devsnews.com/template/tionco/tionco/assets/img/blog/blog_standard1.jpg]
[www.devsnews.com/template/tionco/tionco/assets/img/blog/author_news.jpg]
[www.devsnews.com/template/tionco/tionco/assets/img/blog/blog_standard2.jpg]
[www.devsnews.com/template/tionco/tionco/assets/img/blog/blog_audio.jpg]
[www.devsnews.com/template/tionco/tionco/assets/img/blog/soundcloud.png]
[www.devsnews.com/template/tionco/tionco/assets/img/blog/feed1.png]
[www.devsnews.com/template/tionco/tionco/assets/img/blog/feed2.png]
[www.devsnews.com/template/tionco/tionco/assets/img/blog/feed3.png]
[www.devsnews.com/template/tionco/tionco/assets/img/blog/feed4.png]
[www.devsnews.com/template/tionco/tionco/assets/img/blog/advertise.png]
[www.devsnews.com/template/tionco/tionco/blog.html]
[www.devsnews.com/template/tionco/tionco/assets/img/blog/news_detailsfull.jpg]
[www.devsnews.com/template/tionco/tionco/assets/img/blog/inner_details.jpg]
[www.devsnews.com/template/tionco/tionco/assets/img/blog/nine_dots.png]
[www.devsnews.com/template/tionco/tionco/assets/img/blog/details_author.png]
[www.devsnews.com/template/tionco/tionco/assets/img/blog/comments1.png]
[www.devsnews.com/template/tionco/tionco/assets/img/blog/comments2.png]
[www.devsnews.com/template/tionco/tionco/assets/img/blog/comments3.png]
[www.devsnews.com/template/tionco/tionco/blog-details.html]
[www.devsnews.com/template/tionco/tionco/assets/img/services/promo4.png]
[www.devsnews.com/template/tionco/tionco/assets/img/services/promo5.png]
[www.devsnews.com/template/tionco/tionco/assets/img/services/promo6.png]
[www.devsnews.com/template/tionco/tionco/service.html]
[www.devsnews.com/template/tionco/tionco/assets/js/jquery.min.js]
[www.devsnews.com/template/tionco/tionco/assets/js/bootstrap.bundle.min.js]
[www.devsnews.com/template/tionco/tionco/assets/js/swipper-bundle.min.js]
[www.devsnews.com/template/tionco/tionco/assets/js/jquery.meanmenu.min.js]
[www.devsnews.com/template/tionco/tionco/assets/js/wow.min.js]
[www.devsnews.com/template/tionco/tionco/assets/js/jquery.scrollUp.min.js]
[www.devsnews.com/template/tionco/tionco/assets/js/jquery.magnific-popup.min.js]
[www.devsnews.com/template/tionco/tionco/assets/js/isotope.pkgd.min.js]
[www.devsnews.com/template/tionco/tionco/assets/js/imagesloaded.pkgd.min.js]
[www.devsnews.com/template/tionco/tionco/assets/js/mouse-wheel.min.js]
[www.devsnews.com/template/tionco/tionco/assets/js/odometer.min.js]
[www.devsnews.com/template/tionco/tionco/assets/js/appair.min.js]
[www.devsnews.com/template/tionco/tionco/assets/js/back-to-top.min.js]
[www.devsnews.com/template/tionco/tionco/assets/js/main.js]
[www.devsnews.com/template/tionco/tionco/assets/fonts/fa-brands-400.svg]
[www.devsnews.com/template/tionco/tionco/assets/fonts/fa-duotone-900.svg]
[www.devsnews.com/template/tionco/tionco/assets/fonts/fa-light-300.svg]
[www.devsnews.com/template/tionco/tionco/assets/fonts/fa-regular-400.svg]
[www.devsnews.com/template/tionco/tionco/assets/fonts/fa-solid-900.svg]
